09-09 20:16:03.759 32485 32516 I TestRunner: started: vertical_scrolling(com.example.dogglers.VerticalListTests)
09-09 20:16:03.761 32485 32516 W Settings: Setting always_finish_activities has moved from android.provider.Settings.System to android.provider.Settings.Global, returning read-only value.
09-09 20:16:03.766   390  4346 W InputReader: Device has associated, but no associated display id.
09-09 20:16:03.766   390  4346 I chatty  : uid=1000(system) Binder:390_1D identical 28 lines
09-09 20:16:03.766   390  4346 W InputReader: Device has associated, but no associated display id.
09-09 20:16:03.766 32485 32485 W ActivityThread: handleWindowVisibility: no activity for token android.os.BinderProxy@bc09b0d
09-09 20:16:03.766   390  4346 W InputReader: Device has associated, but no associated display id.
09-09 20:16:03.766   390  4346 I chatty  : uid=1000(system) Binder:390_1D identical 8 lines
09-09 20:16:03.766   390  4346 W InputReader: Device has associated, but no associated display id.
09-09 20:16:03.768 32485 32485 D LifecycleMonitor: Lifecycle status change: androidx.test.core.app.InstrumentationActivityInvoker$BootstrapActivity@94e2ac2 in: PRE_ON_CREATE
09-09 20:16:03.768 32485 32485 V ActivityScenario: Activity lifecycle changed event received but ignored because the intent does not match. startActivityIntent=Intent { act=android.intent.action.MAIN cat=[android.intent.category.LAUNCHER] cmp=com.example.dogglers/.VerticalListActivity }, activity.getIntent()=Intent { act=android.intent.action.MAIN cat=[android.intent.category.LAUNCHER] flg=0x10008000 cmp=com.example.dogglers/androidx.test.core.app.InstrumentationActivityInvoker$BootstrapActivity (has extras) }, activity=androidx.test.core.app.InstrumentationActivityInvoker$BootstrapActivity@94e2ac2
09-09 20:16:03.771 32485 32485 D LifecycleMonitor: Lifecycle status change: androidx.test.core.app.InstrumentationActivityInvoker$BootstrapActivity@94e2ac2 in: CREATED
09-09 20:16:03.771 32485 32485 V ActivityScenario: Activity lifecycle changed event received but ignored because the intent does not match. startActivityIntent=Intent { act=android.intent.action.MAIN cat=[android.intent.category.LAUNCHER] cmp=com.example.dogglers/.VerticalListActivity }, activity.getIntent()=Intent { act=android.intent.action.MAIN cat=[android.intent.category.LAUNCHER] flg=0x10008000 cmp=com.example.dogglers/androidx.test.core.app.InstrumentationActivityInvoker$BootstrapActivity (has extras) }, activity=androidx.test.core.app.InstrumentationActivityInvoker$BootstrapActivity@94e2ac2
09-09 20:16:03.771 32485 32485 D LifecycleMonitor: Lifecycle status change: androidx.test.core.app.InstrumentationActivityInvoker$BootstrapActivity@94e2ac2 in: STARTED
09-09 20:16:03.771 32485 32485 V ActivityScenario: Activity lifecycle changed event received but ignored because the intent does not match. startActivityIntent=Intent { act=android.intent.action.MAIN cat=[android.intent.category.LAUNCHER] cmp=com.example.dogglers/.VerticalListActivity }, activity.getIntent()=Intent { act=android.intent.action.MAIN cat=[android.intent.category.LAUNCHER] flg=0x10008000 cmp=com.example.dogglers/androidx.test.core.app.InstrumentationActivityInvoker$BootstrapActivity (has extras) }, activity=androidx.test.core.app.InstrumentationActivityInvoker$BootstrapActivity@94e2ac2
09-09 20:16:03.773 32485 32485 D LifecycleMonitor: Lifecycle status change: androidx.test.core.app.InstrumentationActivityInvoker$BootstrapActivity@94e2ac2 in: RESUMED
09-09 20:16:03.773 32485 32485 V ActivityScenario: Activity lifecycle changed event received but ignored because the intent does not match. startActivityIntent=Intent { act=android.intent.action.MAIN cat=[android.intent.category.LAUNCHER] cmp=com.example.dogglers/.VerticalListActivity }, activity.getIntent()=Intent { act=android.intent.action.MAIN cat=[android.intent.category.LAUNCHER] flg=0x10008000 cmp=com.example.dogglers/androidx.test.core.app.InstrumentationActivityInvoker$BootstrapActivity (has extras) }, activity=androidx.test.core.app.InstrumentationActivityInvoker$BootstrapActivity@94e2ac2
09-09 20:16:03.777 32485 32485 D LifecycleMonitor: Lifecycle status change: androidx.test.core.app.InstrumentationActivityInvoker$BootstrapActivity@94e2ac2 in: PAUSED
09-09 20:16:03.777   193   235 D gralloc_ranchu: gralloc_alloc: Creating ashmem region of size 8298496
09-09 20:16:03.777 32485 32485 V ActivityScenario: Activity lifecycle changed event received but ignored because the intent does not match. startActivityIntent=Intent { act=android.intent.action.MAIN cat=[android.intent.category.LAUNCHER] cmp=com.example.dogglers/.VerticalListActivity }, activity.getIntent()=Intent { act=android.intent.action.MAIN cat=[android.intent.category.LAUNCHER] flg=0x10008000 cmp=com.example.dogglers/androidx.test.core.app.InstrumentationActivityInvoker$BootstrapActivity (has extras) }, activity=androidx.test.core.app.InstrumentationActivityInvoker$BootstrapActivity@94e2ac2
09-09 20:16:03.778   390   629 W InputReader: Device has associated, but no associated display id.
09-09 20:16:03.779   390   629 I chatty  : uid=1000(system) Binder:390_6 identical 48 lines
09-09 20:16:03.779   390   629 W InputReader: Device has associated, but no associated display id.
09-09 20:16:03.786 32485 32485 W ActivityThread: handleWindowVisibility: no activity for token android.os.BinderProxy@d685410
09-09 20:16:03.788 32485 32485 D LifecycleMonitor: Lifecycle status change: com.example.dogglers.VerticalListActivity@466a13c in: PRE_ON_CREATE
09-09 20:16:03.788 32485 32485 V ActivityScenario: Activity lifecycle changed event received but ignored because the reported transition was not ON_CREATE while the last known transition was PRE_ON_CREATE
09-09 20:16:03.793   390   413 W InputReader: Device has associated, but no associated display id.
09-09 20:16:03.793   390   413 I chatty  : uid=1000(system) android.anim identical 8 lines
09-09 20:16:03.793   390   413 W InputReader: Device has associated, but no associated display id.
09-09 20:16:03.798 32485 32485 D LifecycleMonitor: Lifecycle status change: com.example.dogglers.VerticalListActivity@466a13c in: CREATED
09-09 20:16:03.798 32485 32485 V ActivityScenario: Update currentActivityStage to CREATED, currentActivity=com.example.dogglers.VerticalListActivity@466a13c
09-09 20:16:03.798 32485 32485 D LifecycleMonitor: Lifecycle status change: com.example.dogglers.VerticalListActivity@466a13c in: STARTED
09-09 20:16:03.798 32485 32485 V ActivityScenario: Update currentActivityStage to STARTED, currentActivity=com.example.dogglers.VerticalListActivity@466a13c
09-09 20:16:03.799 32485 32485 D LifecycleMonitor: Lifecycle status change: com.example.dogglers.VerticalListActivity@466a13c in: RESUMED
09-09 20:16:03.799 32485 32485 V ActivityScenario: Update currentActivityStage to RESUMED, currentActivity=com.example.dogglers.VerticalListActivity@466a13c
09-09 20:16:03.807  1850  2091 D EGL_emulation: eglMakeCurrent: 0x738ee490a0: ver 3 0 (tinfo 0x738ee0a0c0)
09-09 20:16:03.808   193   235 D gralloc_ranchu: gralloc_alloc: Creating ashmem region of size 8298496
09-09 20:16:03.810  1166  1783 D EGL_emulation: eglMakeCurrent: 0x738ee4b080: ver 3 0 (tinfo 0x738eefb180)
09-09 20:16:03.816   193   235 D gralloc_ranchu: gralloc_alloc: Creating ashmem region of size 8298496
09-09 20:16:03.817   193   235 I chatty  : uid=1000(system) HwBinder:193_1 identical 1 line
09-09 20:16:03.817   193   235 D gralloc_ranchu: gralloc_alloc: Creating ashmem region of size 8298496
09-09 20:16:03.829 32485 32518 D EGL_emulation: eglMakeCurrent: 0x738a336bc0: ver 3 0 (tinfo 0x738a1976e0)
09-09 20:16:03.837   390   417 I ActivityTaskManager: Displayed com.example.dogglers/.VerticalListActivity: +72ms
09-09 20:16:03.847 32485 32485 I ViewInteraction: Performing 'fast swipe' action on view view.getId() is <2131231206/com.example.dogglers:id/vertical_recycler_view>
09-09 20:16:03.850 32485 32485 D LifecycleMonitor: Lifecycle status change: androidx.test.core.app.InstrumentationActivityInvoker$BootstrapActivity@94e2ac2 in: STOPPED
09-09 20:16:03.850 32485 32485 V ActivityScenario: Activity lifecycle changed event received but ignored because the intent does not match. startActivityIntent=Intent { act=android.intent.action.MAIN cat=[android.intent.category.LAUNCHER] cmp=com.example.dogglers/.VerticalListActivity }, activity.getIntent()=Intent { act=android.intent.action.MAIN cat=[android.intent.category.LAUNCHER] flg=0x10008000 cmp=com.example.dogglers/androidx.test.core.app.InstrumentationActivityInvoker$BootstrapActivity (has extras) }, activity=androidx.test.core.app.InstrumentationActivityInvoker$BootstrapActivity@94e2ac2
09-09 20:16:03.850  1850 24547 I PBSessionCacheImpl: Deleted sessionId[154066668354] from persistence.
09-09 20:16:03.851  1850  1968 W SearchServiceCore: Abort, client detached.
09-09 20:16:03.851   390   486 V InputDispatcher: Asynchronous input event injection succeeded.
09-09 20:16:03.985   390   486 I chatty  : uid=1000(system) InputDispatcher identical 9 lines
09-09 20:16:04.000   390   486 V InputDispatcher: Asynchronous input event injection succeeded.
09-09 20:16:04.013   390  5609 D HostConnection: HostConnection::get() New Host Connection established 0x730cc65620, tid 5609
09-09 20:16:04.013   390  5609 D HostConnection: HostComposition ext ANDROID_EMU_CHECKSUM_HELPER_v1 ANDROID_EMU_native_sync_v2 ANDROID_EMU_native_sync_v3 ANDROID_EMU_native_sync_v4 ANDROID_EMU_dma_v1 ANDROID_EMU_direct_mem ANDROID_EMU_host_composition_v1 ANDROID_EMU_host_composition_v2 ANDROID_EMU_vulkan ANDROID_EMU_deferred_vulkan_commands ANDROID_EMU_vulkan_null_optional_strings ANDROID_EMU_vulkan_create_resources_with_requirements ANDROID_EMU_YUV_Cache ANDROID_EMU_vulkan_ignored_handles ANDROID_EMU_vulkan_free_memory_sync ANDROID_EMU_vulkan_shader_float16_int8 ANDROID_EMU_vulkan_async_queue_submit ANDROID_EMU_sync_buffer_data GL_OES_EGL_image_external_essl3 GL_OES_vertex_array_object GL_KHR_texture_compression_astc_ldr ANDROID_EMU_host_side_tracing ANDROID_EMU_gles_max_version_3_0
09-09 20:16:04.013   390  5609 W OpenGLRenderer: Failed to choose config with EGL_SWAP_BEHAVIOR_PRESERVED, retrying without...
09-09 20:16:04.014   390  5609 D EGL_emulation: eglCreateContext: 0x730cc65760: maj 3 min 0 rcv 3
09-09 20:16:04.014   390  5609 D EGL_emulation: eglMakeCurrent: 0x730cc65760: ver 3 0 (tinfo 0x7317df28c0)
09-09 20:16:04.099 32485 32516 W xample.doggler: Accessing hidden method Lsun/misc/Unsafe;->compareAndSwapObject(Ljava/lang/Object;JLjava/lang/Object;Ljava/lang/Object;)Z (greylist, linking, allowed)
09-09 20:16:04.099 32485 32485 I ViewInteraction: Checking 'MatchesViewAssertion{viewMatcher=(view has effective visibility <VISIBLE> and view.getGlobalVisibleRect() to return non-empty rectangle)}' assertion on view an instance of android.widget.TextView and view.getText() with or without transformation to match: is "Chevrolet"
09-09 20:16:04.102 32485 32485 D LifecycleMonitor: Lifecycle status change: com.example.dogglers.VerticalListActivity@466a13c in: PAUSED
09-09 20:16:04.102 32485 32485 V ActivityScenario: Update currentActivityStage to PAUSED, currentActivity=com.example.dogglers.VerticalListActivity@466a13c
09-09 20:16:04.103   390   782 W InputReader: Device has associated, but no associated display id.
09-09 20:16:04.103   390   782 I chatty  : uid=1000(system) Binder:390_9 identical 48 lines
09-09 20:16:04.103   390   782 W InputReader: Device has associated, but no associated display id.
09-09 20:16:04.104 32485 32485 W ActivityThread: handleWindowVisibility: no activity for token android.os.BinderProxy@534778
09-09 20:16:04.106 32485 32485 D LifecycleMonitor: Lifecycle status change: androidx.test.core.app.InstrumentationActivityInvoker$EmptyActivity@20c2e51 in: PRE_ON_CREATE
09-09 20:16:04.106 32485 32485 V ActivityScenario: Activity lifecycle changed event received but ignored because the intent does not match. startActivityIntent=Intent { act=android.intent.action.MAIN cat=[android.intent.category.LAUNCHER] cmp=com.example.dogglers/.VerticalListActivity }, activity.getIntent()=Intent { act=android.intent.action.MAIN cat=[android.intent.category.LAUNCHER] flg=0x10000000 cmp=com.example.dogglers/androidx.test.core.app.InstrumentationActivityInvoker$EmptyActivity }, activity=androidx.test.core.app.InstrumentationActivityInvoker$EmptyActivity@20c2e51
09-09 20:16:04.110 32485 32485 D LifecycleMonitor: Lifecycle status change: androidx.test.core.app.InstrumentationActivityInvoker$EmptyActivity@20c2e51 in: CREATED
09-09 20:16:04.110 32485 32485 V ActivityScenario: Activity lifecycle changed event received but ignored because the intent does not match. startActivityIntent=Intent { act=android.intent.action.MAIN cat=[android.intent.category.LAUNCHER] cmp=com.example.dogglers/.VerticalListActivity }, activity.getIntent()=Intent { act=android.intent.action.MAIN cat=[android.intent.category.LAUNCHER] flg=0x10000000 cmp=com.example.dogglers/androidx.test.core.app.InstrumentationActivityInvoker$EmptyActivity }, activity=androidx.test.core.app.InstrumentationActivityInvoker$EmptyActivity@20c2e51
09-09 20:16:04.111 32485 32485 D LifecycleMonitor: Lifecycle status change: androidx.test.core.app.InstrumentationActivityInvoker$EmptyActivity@20c2e51 in: STARTED
09-09 20:16:04.111 32485 32485 V ActivityScenario: Activity lifecycle changed event received but ignored because the intent does not match. startActivityIntent=Intent { act=android.intent.action.MAIN cat=[android.intent.category.LAUNCHER] cmp=com.example.dogglers/.VerticalListActivity }, activity.getIntent()=Intent { act=android.intent.action.MAIN cat=[android.intent.category.LAUNCHER] flg=0x10000000 cmp=com.example.dogglers/androidx.test.core.app.InstrumentationActivityInvoker$EmptyActivity }, activity=androidx.test.core.app.InstrumentationActivityInvoker$EmptyActivity@20c2e51
09-09 20:16:04.112 32485 32485 D LifecycleMonitor: Lifecycle status change: androidx.test.core.app.InstrumentationActivityInvoker$EmptyActivity@20c2e51 in: RESUMED
09-09 20:16:04.112 32485 32485 V ActivityScenario: Activity lifecycle changed event received but ignored because the intent does not match. startActivityIntent=Intent { act=android.intent.action.MAIN cat=[android.intent.category.LAUNCHER] cmp=com.example.dogglers/.VerticalListActivity }, activity.getIntent()=Intent { act=android.intent.action.MAIN cat=[android.intent.category.LAUNCHER] flg=0x10000000 cmp=com.example.dogglers/androidx.test.core.app.InstrumentationActivityInvoker$EmptyActivity }, activity=androidx.test.core.app.InstrumentationActivityInvoker$EmptyActivity@20c2e51
09-09 20:16:04.116   193   235 D gralloc_ranchu: gralloc_alloc: Creating ashmem region of size 8298496
09-09 20:16:04.117   193   235 I chatty  : uid=1000(system) HwBinder:193_1 identical 1 line
09-09 20:16:04.117   193   235 D gralloc_ranchu: gralloc_alloc: Creating ashmem region of size 8298496
09-09 20:16:04.117 32485 32518 D EGL_emulation: eglMakeCurrent: 0x738a336bc0: ver 3 0 (tinfo 0x738a1976e0)
09-09 20:16:04.125 32485 32518 D EGL_emulation: eglMakeCurrent: 0x738a336bc0: ver 3 0 (tinfo 0x738a1976e0)
09-09 20:16:04.128   390   413 W InputReader: Device has associated, but no associated display id.
09-09 20:16:04.128   390   413 I chatty  : uid=1000(system) android.anim identical 18 lines
09-09 20:16:04.128   390   413 W InputReader: Device has associated, but no associated display id.
09-09 20:16:04.142 32485 32518 D EGL_emulation: eglMakeCurrent: 0x738a336bc0: ver 3 0 (tinfo 0x738a1976e0)
09-09 20:16:04.144 32485 32518 D EGL_emulation: eglMakeCurrent: 0x738a336bc0: ver 3 0 (tinfo 0x738a1976e0)
09-09 20:16:04.147 32485 32485 D LifecycleMonitor: Lifecycle status change: androidx.test.core.app.InstrumentationActivityInvoker$EmptyActivity@20c2e51 in: PAUSED
09-09 20:16:04.147 32485 32485 V ActivityScenario: Activity lifecycle changed event received but ignored because the intent does not match. startActivityIntent=Intent { act=android.intent.action.MAIN cat=[android.intent.category.LAUNCHER] cmp=com.example.dogglers/.VerticalListActivity }, activity.getIntent()=Intent { act=android.intent.action.MAIN cat=[android.intent.category.LAUNCHER] flg=0x10000000 cmp=com.example.dogglers/androidx.test.core.app.InstrumentationActivityInvoker$EmptyActivity }, activity=androidx.test.core.app.InstrumentationActivityInvoker$EmptyActivity@20c2e51
09-09 20:16:04.147   390   629 W InputReader: Device has associated, but no associated display id.
09-09 20:16:04.148   390   629 I chatty  : uid=1000(system) Binder:390_6 identical 48 lines
09-09 20:16:04.148   390   629 W InputReader: Device has associated, but no associated display id.
09-09 20:16:04.149 32485 32485 D LifecycleMonitor: Lifecycle status change: androidx.test.core.app.InstrumentationActivityInvoker$BootstrapActivity@94e2ac2 in: DESTROYED
09-09 20:16:04.149 32485 32485 V ActivityScenario: Activity lifecycle changed event received but ignored because the intent does not match. startActivityIntent=Intent { act=android.intent.action.MAIN cat=[android.intent.category.LAUNCHER] cmp=com.example.dogglers/.VerticalListActivity }, activity.getIntent()=Intent { act=android.intent.action.MAIN cat=[android.intent.category.LAUNCHER] flg=0x10008000 cmp=com.example.dogglers/androidx.test.core.app.InstrumentationActivityInvoker$BootstrapActivity (has extras) }, activity=androidx.test.core.app.InstrumentationActivityInvoker$BootstrapActivity@94e2ac2
09-09 20:16:04.149 32485 32485 W ActivityThread: handleWindowVisibility: no activity for token android.os.BinderProxy@451b053
09-09 20:16:04.151 32485 32485 D LifecycleMonitor: Lifecycle status change: androidx.test.core.app.InstrumentationActivityInvoker$EmptyActivity@db38d90 in: PRE_ON_CREATE
09-09 20:16:04.151 32485 32485 V ActivityScenario: Activity lifecycle changed event received but ignored because the intent does not match. startActivityIntent=Intent { act=android.intent.action.MAIN cat=[android.intent.category.LAUNCHER] cmp=com.example.dogglers/.VerticalListActivity }, activity.getIntent()=Intent { act=android.intent.action.MAIN cat=[android.intent.category.LAUNCHER] flg=0x10000000 cmp=com.example.dogglers/androidx.test.core.app.InstrumentationActivityInvoker$EmptyActivity }, activity=androidx.test.core.app.InstrumentationActivityInvoker$EmptyActivity@db38d90
09-09 20:16:04.152 32485 32485 D LifecycleMonitor: Lifecycle status change: androidx.test.core.app.InstrumentationActivityInvoker$EmptyActivity@db38d90 in: CREATED
09-09 20:16:04.153 32485 32485 V ActivityScenario: Activity lifecycle changed event received but ignored because the intent does not match. startActivityIntent=Intent { act=android.intent.action.MAIN cat=[android.intent.category.LAUNCHER] cmp=com.example.dogglers/.VerticalListActivity }, activity.getIntent()=Intent { act=android.intent.action.MAIN cat=[android.intent.category.LAUNCHER] flg=0x10000000 cmp=com.example.dogglers/androidx.test.core.app.InstrumentationActivityInvoker$EmptyActivity }, activity=androidx.test.core.app.InstrumentationActivityInvoker$EmptyActivity@db38d90
09-09 20:16:04.153 32485 32485 D LifecycleMonitor: Lifecycle status change: androidx.test.core.app.InstrumentationActivityInvoker$EmptyActivity@db38d90 in: STARTED
09-09 20:16:04.153 32485 32485 V ActivityScenario: Activity lifecycle changed event received but ignored because the intent does not match. startActivityIntent=Intent { act=android.intent.action.MAIN cat=[android.intent.category.LAUNCHER] cmp=com.example.dogglers/.VerticalListActivity }, activity.getIntent()=Intent { act=android.intent.action.MAIN cat=[android.intent.category.LAUNCHER] flg=0x10000000 cmp=com.example.dogglers/androidx.test.core.app.InstrumentationActivityInvoker$EmptyActivity }, activity=androidx.test.core.app.InstrumentationActivityInvoker$EmptyActivity@db38d90
09-09 20:16:04.154 32485 32485 D LifecycleMonitor: Lifecycle status change: androidx.test.core.app.InstrumentationActivityInvoker$EmptyActivity@db38d90 in: RESUMED
09-09 20:16:04.154 32485 32485 V ActivityScenario: Activity lifecycle changed event received but ignored because the intent does not match. startActivityIntent=Intent { act=android.intent.action.MAIN cat=[android.intent.category.LAUNCHER] cmp=com.example.dogglers/.VerticalListActivity }, activity.getIntent()=Intent { act=android.intent.action.MAIN cat=[android.intent.category.LAUNCHER] flg=0x10000000 cmp=com.example.dogglers/androidx.test.core.app.InstrumentationActivityInvoker$EmptyActivity }, activity=androidx.test.core.app.InstrumentationActivityInvoker$EmptyActivity@db38d90
09-09 20:16:04.155 32485 32485 D LifecycleMonitor: Lifecycle status change: com.example.dogglers.VerticalListActivity@466a13c in: STOPPED
09-09 20:16:04.155 32485 32485 V ActivityScenario: Update currentActivityStage to STOPPED, currentActivity=com.example.dogglers.VerticalListActivity@466a13c
09-09 20:16:04.156 32485 32485 D LifecycleMonitor: Lifecycle status change: com.example.dogglers.VerticalListActivity@466a13c in: DESTROYED
09-09 20:16:04.156 32485 32485 V ActivityScenario: Update currentActivityStage to DESTROYED, currentActivity=null
09-09 20:16:04.163   193   235 D gralloc_ranchu: gralloc_alloc: Creating ashmem region of size 8298496
09-09 20:16:04.164   193   235 I chatty  : uid=1000(system) HwBinder:193_1 identical 1 line
09-09 20:16:04.164   193   235 D gralloc_ranchu: gralloc_alloc: Creating ashmem region of size 8298496
09-09 20:16:04.165 32485 32518 D EGL_emulation: eglMakeCurrent: 0x738a336bc0: ver 3 0 (tinfo 0x738a1976e0)
09-09 20:16:04.168   390   413 W InputReader: Device has associated, but no associated display id.
09-09 20:16:04.169   390   413 I chatty  : uid=1000(system) android.anim identical 18 lines
09-09 20:16:04.169   390   413 W InputReader: Device has associated, but no associated display id.
09-09 20:16:04.180   390   782 W InputReader: Device has associated, but no associated display id.
09-09 20:16:04.180   390   782 I chatty  : uid=1000(system) Binder:390_9 identical 8 lines
09-09 20:16:04.180   390   782 W InputReader: Device has associated, but no associated display id.
09-09 20:16:04.181 32485 32485 D LifecycleMonitor: Lifecycle status change: androidx.test.core.app.InstrumentationActivityInvoker$EmptyActivity@20c2e51 in: STOPPED
09-09 20:16:04.181 32485 32485 V ActivityScenario: Activity lifecycle changed event received but ignored because the intent does not match. startActivityIntent=Intent { act=android.intent.action.MAIN cat=[android.intent.category.LAUNCHER] cmp=com.example.dogglers/.VerticalListActivity }, activity.getIntent()=Intent { act=android.intent.action.MAIN cat=[android.intent.category.LAUNCHER] flg=0x10000000 cmp=com.example.dogglers/androidx.test.core.app.InstrumentationActivityInvoker$EmptyActivity }, activity=androidx.test.core.app.InstrumentationActivityInvoker$EmptyActivity@20c2e51
09-09 20:16:04.182 32485 32485 D LifecycleMonitor: Lifecycle status change: androidx.test.core.app.InstrumentationActivityInvoker$EmptyActivity@20c2e51 in: DESTROYED
09-09 20:16:04.182 32485 32485 V ActivityScenario: Activity lifecycle changed event received but ignored because the intent does not match. startActivityIntent=Intent { act=android.intent.action.MAIN cat=[android.intent.category.LAUNCHER] cmp=com.example.dogglers/.VerticalListActivity }, activity.getIntent()=Intent { act=android.intent.action.MAIN cat=[android.intent.category.LAUNCHER] flg=0x10000000 cmp=com.example.dogglers/androidx.test.core.app.InstrumentationActivityInvoker$EmptyActivity }, activity=androidx.test.core.app.InstrumentationActivityInvoker$EmptyActivity@20c2e51
09-09 20:16:04.183 32485 32485 D LifecycleMonitor: Lifecycle status change: androidx.test.core.app.InstrumentationActivityInvoker$EmptyActivity@db38d90 in: PAUSED
09-09 20:16:04.183 32485 32485 V ActivityScenario: Activity lifecycle changed event received but ignored because the intent does not match. startActivityIntent=Intent { act=android.intent.action.MAIN cat=[android.intent.category.LAUNCHER] cmp=com.example.dogglers/.VerticalListActivity }, activity.getIntent()=Intent { act=android.intent.action.MAIN cat=[android.intent.category.LAUNCHER] flg=0x10000000 cmp=com.example.dogglers/androidx.test.core.app.InstrumentationActivityInvoker$EmptyActivity }, activity=androidx.test.core.app.InstrumentationActivityInvoker$EmptyActivity@db38d90
09-09 20:16:04.184   390   629 W InputReader: Device has associated, but no associated display id.
09-09 20:16:04.184   390   629 I chatty  : uid=1000(system) Binder:390_6 identical 8 lines
09-09 20:16:04.184   390   629 W InputReader: Device has associated, but no associated display id.
09-09 20:16:04.185 32485 32516 I TestRunner: finished: vertical_scrolling(com.example.dogglers.VerticalListTests)
