09-09 20:16:02.976 32485 32516 I TestRunner: started: vertical_scroll_content_at_last_position(com.example.dogglers.VerticalListTests)
09-09 20:16:02.980 32485 32516 W Settings: Setting always_finish_activities has moved from android.provider.Settings.System to android.provider.Settings.Global, returning read-only value.
09-09 20:16:02.985   390  4346 W InputReader: Device has associated, but no associated display id.
09-09 20:16:02.986   390  4346 I chatty  : uid=1000(system) Binder:390_1D identical 28 lines
09-09 20:16:02.986   390  4346 W InputReader: Device has associated, but no associated display id.
09-09 20:16:02.987 32485 32485 W ActivityThread: handleWindowVisibility: no activity for token android.os.BinderProxy@2616b45
09-09 20:16:02.987   390  4346 W InputReader: Device has associated, but no associated display id.
09-09 20:16:02.987   390  4346 I chatty  : uid=1000(system) Binder:390_1D identical 8 lines
09-09 20:16:02.987   390  4346 W InputReader: Device has associated, but no associated display id.
09-09 20:16:02.991 32485 32485 D LifecycleMonitor: Lifecycle status change: androidx.test.core.app.InstrumentationActivityInvoker$BootstrapActivity@e87e29a in: PRE_ON_CREATE
09-09 20:16:02.991 32485 32485 V ActivityScenario: Activity lifecycle changed event received but ignored because the intent does not match. startActivityIntent=Intent { act=android.intent.action.MAIN cat=[android.intent.category.LAUNCHER] cmp=com.example.dogglers/.VerticalListActivity }, activity.getIntent()=Intent { act=android.intent.action.MAIN cat=[android.intent.category.LAUNCHER] flg=0x10008000 cmp=com.example.dogglers/androidx.test.core.app.InstrumentationActivityInvoker$BootstrapActivity (has extras) }, activity=androidx.test.core.app.InstrumentationActivityInvoker$BootstrapActivity@e87e29a
09-09 20:16:02.993   193   235 D gralloc_ranchu: gralloc_alloc: Creating ashmem region of size 8298496
09-09 20:16:02.995 32485 32485 D LifecycleMonitor: Lifecycle status change: androidx.test.core.app.InstrumentationActivityInvoker$BootstrapActivity@e87e29a in: CREATED
09-09 20:16:02.995 32485 32485 V ActivityScenario: Activity lifecycle changed event received but ignored because the intent does not match. startActivityIntent=Intent { act=android.intent.action.MAIN cat=[android.intent.category.LAUNCHER] cmp=com.example.dogglers/.VerticalListActivity }, activity.getIntent()=Intent { act=android.intent.action.MAIN cat=[android.intent.category.LAUNCHER] flg=0x10008000 cmp=com.example.dogglers/androidx.test.core.app.InstrumentationActivityInvoker$BootstrapActivity (has extras) }, activity=androidx.test.core.app.InstrumentationActivityInvoker$BootstrapActivity@e87e29a
09-09 20:16:03.002 32485 32485 D LifecycleMonitor: Lifecycle status change: androidx.test.core.app.InstrumentationActivityInvoker$BootstrapActivity@e87e29a in: STARTED
09-09 20:16:03.002 32485 32485 V ActivityScenario: Activity lifecycle changed event received but ignored because the intent does not match. startActivityIntent=Intent { act=android.intent.action.MAIN cat=[android.intent.category.LAUNCHER] cmp=com.example.dogglers/.VerticalListActivity }, activity.getIntent()=Intent { act=android.intent.action.MAIN cat=[android.intent.category.LAUNCHER] flg=0x10008000 cmp=com.example.dogglers/androidx.test.core.app.InstrumentationActivityInvoker$BootstrapActivity (has extras) }, activity=androidx.test.core.app.InstrumentationActivityInvoker$BootstrapActivity@e87e29a
09-09 20:16:03.004 32485 32485 D LifecycleMonitor: Lifecycle status change: androidx.test.core.app.InstrumentationActivityInvoker$BootstrapActivity@e87e29a in: RESUMED
09-09 20:16:03.004 32485 32485 V ActivityScenario: Activity lifecycle changed event received but ignored because the intent does not match. startActivityIntent=Intent { act=android.intent.action.MAIN cat=[android.intent.category.LAUNCHER] cmp=com.example.dogglers/.VerticalListActivity }, activity.getIntent()=Intent { act=android.intent.action.MAIN cat=[android.intent.category.LAUNCHER] flg=0x10008000 cmp=com.example.dogglers/androidx.test.core.app.InstrumentationActivityInvoker$BootstrapActivity (has extras) }, activity=androidx.test.core.app.InstrumentationActivityInvoker$BootstrapActivity@e87e29a
09-09 20:16:03.005 32485 32485 D LifecycleMonitor: Lifecycle status change: androidx.test.core.app.InstrumentationActivityInvoker$BootstrapActivity@e87e29a in: PAUSED
09-09 20:16:03.005 32485 32485 V ActivityScenario: Activity lifecycle changed event received but ignored because the intent does not match. startActivityIntent=Intent { act=android.intent.action.MAIN cat=[android.intent.category.LAUNCHER] cmp=com.example.dogglers/.VerticalListActivity }, activity.getIntent()=Intent { act=android.intent.action.MAIN cat=[android.intent.category.LAUNCHER] flg=0x10008000 cmp=com.example.dogglers/androidx.test.core.app.InstrumentationActivityInvoker$BootstrapActivity (has extras) }, activity=androidx.test.core.app.InstrumentationActivityInvoker$BootstrapActivity@e87e29a
09-09 20:16:03.005   390  4346 W InputReader: Device has associated, but no associated display id.
09-09 20:16:03.006   390  4346 I chatty  : uid=1000(system) Binder:390_1D identical 48 lines
09-09 20:16:03.006   390  4346 W InputReader: Device has associated, but no associated display id.
09-09 20:16:03.006 32485 32485 W ActivityThread: handleWindowVisibility: no activity for token android.os.BinderProxy@15caba8
09-09 20:16:03.011 32485 32485 D LifecycleMonitor: Lifecycle status change: com.example.dogglers.VerticalListActivity@ca4da54 in: PRE_ON_CREATE
09-09 20:16:03.011 32485 32485 V ActivityScenario: Activity lifecycle changed event received but ignored because the reported transition was not ON_CREATE while the last known transition was PRE_ON_CREATE
09-09 20:16:03.015   390   413 W InputReader: Device has associated, but no associated display id.
09-09 20:16:03.015   390   413 I chatty  : uid=1000(system) android.anim identical 8 lines
09-09 20:16:03.015   390   413 W InputReader: Device has associated, but no associated display id.
09-09 20:16:03.018 32485 32485 D LifecycleMonitor: Lifecycle status change: com.example.dogglers.VerticalListActivity@ca4da54 in: CREATED
09-09 20:16:03.018 32485 32485 V ActivityScenario: Update currentActivityStage to CREATED, currentActivity=com.example.dogglers.VerticalListActivity@ca4da54
09-09 20:16:03.019 32485 32485 D LifecycleMonitor: Lifecycle status change: com.example.dogglers.VerticalListActivity@ca4da54 in: STARTED
09-09 20:16:03.019 32485 32485 V ActivityScenario: Update currentActivityStage to STARTED, currentActivity=com.example.dogglers.VerticalListActivity@ca4da54
09-09 20:16:03.019 32485 32485 D LifecycleMonitor: Lifecycle status change: com.example.dogglers.VerticalListActivity@ca4da54 in: RESUMED
09-09 20:16:03.019 32485 32485 V ActivityScenario: Update currentActivityStage to RESUMED, currentActivity=com.example.dogglers.VerticalListActivity@ca4da54
09-09 20:16:03.020 32485 32516 W xample.doggler: Accessing hidden method Lsun/misc/Unsafe;->compareAndSwapObject(Ljava/lang/Object;JLjava/lang/Object;Ljava/lang/Object;)Z (greylist, linking, allowed)
09-09 20:16:03.024  1850  2091 D EGL_emulation: eglMakeCurrent: 0x738ee490a0: ver 3 0 (tinfo 0x738ee0a0c0)
09-09 20:16:03.027  1166  1783 D EGL_emulation: eglMakeCurrent: 0x738ee4b080: ver 3 0 (tinfo 0x738eefb180)
09-09 20:16:03.032   193   235 D gralloc_ranchu: gralloc_alloc: Creating ashmem region of size 8298496
09-09 20:16:03.034   193   235 I chatty  : uid=1000(system) HwBinder:193_1 identical 1 line
09-09 20:16:03.034   193   235 D gralloc_ranchu: gralloc_alloc: Creating ashmem region of size 8298496
09-09 20:16:03.044 32485 32518 D EGL_emulation: eglMakeCurrent: 0x738a336bc0: ver 3 0 (tinfo 0x738a1976e0)
09-09 20:16:03.052   390   417 I ActivityTaskManager: Displayed com.example.dogglers/.VerticalListActivity: +67ms
09-09 20:16:03.061 32485 32485 D LifecycleMonitor: Lifecycle status change: androidx.test.core.app.InstrumentationActivityInvoker$BootstrapActivity@e87e29a in: STOPPED
09-09 20:16:03.061 32485 32485 V ActivityScenario: Activity lifecycle changed event received but ignored because the intent does not match. startActivityIntent=Intent { act=android.intent.action.MAIN cat=[android.intent.category.LAUNCHER] cmp=com.example.dogglers/.VerticalListActivity }, activity.getIntent()=Intent { act=android.intent.action.MAIN cat=[android.intent.category.LAUNCHER] flg=0x10008000 cmp=com.example.dogglers/androidx.test.core.app.InstrumentationActivityInvoker$BootstrapActivity (has extras) }, activity=androidx.test.core.app.InstrumentationActivityInvoker$BootstrapActivity@e87e29a
09-09 20:16:03.065 32485 32485 I ViewInteraction: Performing 'scroll RecyclerView to position: 5' action on view view.getId() is <2131231206/com.example.dogglers:id/vertical_recycler_view>
09-09 20:16:03.066  1850  1968 W SearchServiceCore: Abort, client detached.
09-09 20:16:03.066  1850 23825 I PBSessionCacheImpl: Deleted sessionId[154066668353] from persistence.
09-09 20:16:03.105 32485 32516 W xample.doggler: Accessing hidden method Lsun/misc/Unsafe;->compareAndSwapObject(Ljava/lang/Object;JLjava/lang/Object;Ljava/lang/Object;)Z (greylist, linking, allowed)
09-09 20:16:03.106 32485 32524 W xample.doggler: Accessing hidden method Lsun/misc/Unsafe;->compareAndSwapObject(Ljava/lang/Object;JLjava/lang/Object;Ljava/lang/Object;)Z (greylist, linking, allowed)
09-09 20:16:03.106 32485 32485 I ViewInteraction: Checking 'MatchesViewAssertion{viewMatcher=(view has effective visibility <VISIBLE> and view.getGlobalVisibleRect() to return non-empty rectangle)}' assertion on view an instance of android.widget.TextView and view.getText() with or without transformation to match: is "F-150"
09-09 20:16:03.114 32485 32485 D LifecycleMonitor: Lifecycle status change: com.example.dogglers.VerticalListActivity@ca4da54 in: PAUSED
09-09 20:16:03.114 32485 32485 V ActivityScenario: Update currentActivityStage to PAUSED, currentActivity=com.example.dogglers.VerticalListActivity@ca4da54
09-09 20:16:03.114   390  4346 W InputReader: Device has associated, but no associated display id.
09-09 20:16:03.115   390  4346 I chatty  : uid=1000(system) Binder:390_1D identical 48 lines
09-09 20:16:03.115   390  4346 W InputReader: Device has associated, but no associated display id.
09-09 20:16:03.115 32485 32485 W ActivityThread: handleWindowVisibility: no activity for token android.os.BinderProxy@51a4f47
09-09 20:16:03.117 32485 32485 D LifecycleMonitor: Lifecycle status change: androidx.test.core.app.InstrumentationActivityInvoker$EmptyActivity@8459374 in: PRE_ON_CREATE
09-09 20:16:03.117 32485 32485 V ActivityScenario: Activity lifecycle changed event received but ignored because the intent does not match. startActivityIntent=Intent { act=android.intent.action.MAIN cat=[android.intent.category.LAUNCHER] cmp=com.example.dogglers/.VerticalListActivity }, activity.getIntent()=Intent { act=android.intent.action.MAIN cat=[android.intent.category.LAUNCHER] flg=0x10000000 cmp=com.example.dogglers/androidx.test.core.app.InstrumentationActivityInvoker$EmptyActivity }, activity=androidx.test.core.app.InstrumentationActivityInvoker$EmptyActivity@8459374
09-09 20:16:03.119 32485 32485 D LifecycleMonitor: Lifecycle status change: androidx.test.core.app.InstrumentationActivityInvoker$EmptyActivity@8459374 in: CREATED
09-09 20:16:03.119 32485 32485 V ActivityScenario: Activity lifecycle changed event received but ignored because the intent does not match. startActivityIntent=Intent { act=android.intent.action.MAIN cat=[android.intent.category.LAUNCHER] cmp=com.example.dogglers/.VerticalListActivity }, activity.getIntent()=Intent { act=android.intent.action.MAIN cat=[android.intent.category.LAUNCHER] flg=0x10000000 cmp=com.example.dogglers/androidx.test.core.app.InstrumentationActivityInvoker$EmptyActivity }, activity=androidx.test.core.app.InstrumentationActivityInvoker$EmptyActivity@8459374
09-09 20:16:03.119 32485 32485 D LifecycleMonitor: Lifecycle status change: androidx.test.core.app.InstrumentationActivityInvoker$EmptyActivity@8459374 in: STARTED
09-09 20:16:03.119 32485 32485 V ActivityScenario: Activity lifecycle changed event received but ignored because the intent does not match. startActivityIntent=Intent { act=android.intent.action.MAIN cat=[android.intent.category.LAUNCHER] cmp=com.example.dogglers/.VerticalListActivity }, activity.getIntent()=Intent { act=android.intent.action.MAIN cat=[android.intent.category.LAUNCHER] flg=0x10000000 cmp=com.example.dogglers/androidx.test.core.app.InstrumentationActivityInvoker$EmptyActivity }, activity=androidx.test.core.app.InstrumentationActivityInvoker$EmptyActivity@8459374
09-09 20:16:03.120 32485 32485 D LifecycleMonitor: Lifecycle status change: androidx.test.core.app.InstrumentationActivityInvoker$EmptyActivity@8459374 in: RESUMED
09-09 20:16:03.120 32485 32485 V ActivityScenario: Activity lifecycle changed event received but ignored because the intent does not match. startActivityIntent=Intent { act=android.intent.action.MAIN cat=[android.intent.category.LAUNCHER] cmp=com.example.dogglers/.VerticalListActivity }, activity.getIntent()=Intent { act=android.intent.action.MAIN cat=[android.intent.category.LAUNCHER] flg=0x10000000 cmp=com.example.dogglers/androidx.test.core.app.InstrumentationActivityInvoker$EmptyActivity }, activity=androidx.test.core.app.InstrumentationActivityInvoker$EmptyActivity@8459374
09-09 20:16:03.129   193   235 D gralloc_ranchu: gralloc_alloc: Creating ashmem region of size 8298496
09-09 20:16:03.130   193   235 I chatty  : uid=1000(system) HwBinder:193_1 identical 1 line
09-09 20:16:03.130   193   235 D gralloc_ranchu: gralloc_alloc: Creating ashmem region of size 8298496
09-09 20:16:03.130 32485 32518 D EGL_emulation: eglMakeCurrent: 0x738a336bc0: ver 3 0 (tinfo 0x738a1976e0)
09-09 20:16:03.136 32485 32518 D EGL_emulation: eglMakeCurrent: 0x738a336bc0: ver 3 0 (tinfo 0x738a1976e0)
09-09 20:16:03.138   390   413 W InputReader: Device has associated, but no associated display id.
09-09 20:16:03.138   390   413 I chatty  : uid=1000(system) android.anim identical 18 lines
09-09 20:16:03.138   390   413 W InputReader: Device has associated, but no associated display id.
09-09 20:16:03.144 32485 32518 D EGL_emulation: eglMakeCurrent: 0x738a336bc0: ver 3 0 (tinfo 0x738a1976e0)
09-09 20:16:03.148 32485 32518 D EGL_emulation: eglMakeCurrent: 0x738a336bc0: ver 3 0 (tinfo 0x738a1976e0)
09-09 20:16:03.150 32485 32485 D LifecycleMonitor: Lifecycle status change: androidx.test.core.app.InstrumentationActivityInvoker$EmptyActivity@8459374 in: PAUSED
09-09 20:16:03.150 32485 32485 V ActivityScenario: Activity lifecycle changed event received but ignored because the intent does not match. startActivityIntent=Intent { act=android.intent.action.MAIN cat=[android.intent.category.LAUNCHER] cmp=com.example.dogglers/.VerticalListActivity }, activity.getIntent()=Intent { act=android.intent.action.MAIN cat=[android.intent.category.LAUNCHER] flg=0x10000000 cmp=com.example.dogglers/androidx.test.core.app.InstrumentationActivityInvoker$EmptyActivity }, activity=androidx.test.core.app.InstrumentationActivityInvoker$EmptyActivity@8459374
09-09 20:16:03.151   390  2495 W InputReader: Device has associated, but no associated display id.
09-09 20:16:03.151   390  2495 I chatty  : uid=1000(system) Binder:390_1B identical 48 lines
09-09 20:16:03.151   390  2495 W InputReader: Device has associated, but no associated display id.
09-09 20:16:03.152 32485 32485 D LifecycleMonitor: Lifecycle status change: androidx.test.core.app.InstrumentationActivityInvoker$BootstrapActivity@e87e29a in: DESTROYED
09-09 20:16:03.152 32485 32485 V ActivityScenario: Activity lifecycle changed event received but ignored because the intent does not match. startActivityIntent=Intent { act=android.intent.action.MAIN cat=[android.intent.category.LAUNCHER] cmp=com.example.dogglers/.VerticalListActivity }, activity.getIntent()=Intent { act=android.intent.action.MAIN cat=[android.intent.category.LAUNCHER] flg=0x10008000 cmp=com.example.dogglers/androidx.test.core.app.InstrumentationActivityInvoker$BootstrapActivity (has extras) }, activity=androidx.test.core.app.InstrumentationActivityInvoker$BootstrapActivity@e87e29a
09-09 20:16:03.152 32485 32485 W ActivityThread: handleWindowVisibility: no activity for token android.os.BinderProxy@fab5999
09-09 20:16:03.154 32485 32485 D LifecycleMonitor: Lifecycle status change: androidx.test.core.app.InstrumentationActivityInvoker$EmptyActivity@697f45e in: PRE_ON_CREATE
09-09 20:16:03.154 32485 32485 V ActivityScenario: Activity lifecycle changed event received but ignored because the intent does not match. startActivityIntent=Intent { act=android.intent.action.MAIN cat=[android.intent.category.LAUNCHER] cmp=com.example.dogglers/.VerticalListActivity }, activity.getIntent()=Intent { act=android.intent.action.MAIN cat=[android.intent.category.LAUNCHER] flg=0x10000000 cmp=com.example.dogglers/androidx.test.core.app.InstrumentationActivityInvoker$EmptyActivity }, activity=androidx.test.core.app.InstrumentationActivityInvoker$EmptyActivity@697f45e
09-09 20:16:03.156 32485 32485 D LifecycleMonitor: Lifecycle status change: androidx.test.core.app.InstrumentationActivityInvoker$EmptyActivity@697f45e in: CREATED
09-09 20:16:03.156 32485 32485 V ActivityScenario: Activity lifecycle changed event received but ignored because the intent does not match. startActivityIntent=Intent { act=android.intent.action.MAIN cat=[android.intent.category.LAUNCHER] cmp=com.example.dogglers/.VerticalListActivity }, activity.getIntent()=Intent { act=android.intent.action.MAIN cat=[android.intent.category.LAUNCHER] flg=0x10000000 cmp=com.example.dogglers/androidx.test.core.app.InstrumentationActivityInvoker$EmptyActivity }, activity=androidx.test.core.app.InstrumentationActivityInvoker$EmptyActivity@697f45e
09-09 20:16:03.156 32485 32485 D LifecycleMonitor: Lifecycle status change: androidx.test.core.app.InstrumentationActivityInvoker$EmptyActivity@697f45e in: STARTED
09-09 20:16:03.156 32485 32485 V ActivityScenario: Activity lifecycle changed event received but ignored because the intent does not match. startActivityIntent=Intent { act=android.intent.action.MAIN cat=[android.intent.category.LAUNCHER] cmp=com.example.dogglers/.VerticalListActivity }, activity.getIntent()=Intent { act=android.intent.action.MAIN cat=[android.intent.category.LAUNCHER] flg=0x10000000 cmp=com.example.dogglers/androidx.test.core.app.InstrumentationActivityInvoker$EmptyActivity }, activity=androidx.test.core.app.InstrumentationActivityInvoker$EmptyActivity@697f45e
09-09 20:16:03.159 32485 32485 D LifecycleMonitor: Lifecycle status change: androidx.test.core.app.InstrumentationActivityInvoker$EmptyActivity@697f45e in: RESUMED
09-09 20:16:03.159 32485 32485 V ActivityScenario: Activity lifecycle changed event received but ignored because the intent does not match. startActivityIntent=Intent { act=android.intent.action.MAIN cat=[android.intent.category.LAUNCHER] cmp=com.example.dogglers/.VerticalListActivity }, activity.getIntent()=Intent { act=android.intent.action.MAIN cat=[android.intent.category.LAUNCHER] flg=0x10000000 cmp=com.example.dogglers/androidx.test.core.app.InstrumentationActivityInvoker$EmptyActivity }, activity=androidx.test.core.app.InstrumentationActivityInvoker$EmptyActivity@697f45e
09-09 20:16:03.162 32485 32485 D LifecycleMonitor: Lifecycle status change: com.example.dogglers.VerticalListActivity@ca4da54 in: STOPPED
09-09 20:16:03.162 32485 32485 V ActivityScenario: Update currentActivityStage to STOPPED, currentActivity=com.example.dogglers.VerticalListActivity@ca4da54
09-09 20:16:03.163 32485 32485 D LifecycleMonitor: Lifecycle status change: com.example.dogglers.VerticalListActivity@ca4da54 in: DESTROYED
09-09 20:16:03.163 32485 32485 V ActivityScenario: Update currentActivityStage to DESTROYED, currentActivity=null
09-09 20:16:03.167   193   235 D gralloc_ranchu: gralloc_alloc: Creating ashmem region of size 8298496
09-09 20:16:03.168   193   235 I chatty  : uid=1000(system) HwBinder:193_1 identical 1 line
09-09 20:16:03.169   193   235 D gralloc_ranchu: gralloc_alloc: Creating ashmem region of size 8298496
09-09 20:16:03.169 32485 32518 D EGL_emulation: eglMakeCurrent: 0x738a336bc0: ver 3 0 (tinfo 0x738a1976e0)
09-09 20:16:03.173   390   413 W InputReader: Device has associated, but no associated display id.
09-09 20:16:03.174   390   413 I chatty  : uid=1000(system) android.anim identical 28 lines
09-09 20:16:03.174   390   413 W InputReader: Device has associated, but no associated display id.
09-09 20:16:03.195   390  2495 W InputReader: Device has associated, but no associated display id.
09-09 20:16:03.195   390  2495 I chatty  : uid=1000(system) Binder:390_1B identical 8 lines
09-09 20:16:03.195   390  2495 W InputReader: Device has associated, but no associated display id.
09-09 20:16:03.197 32485 32485 D LifecycleMonitor: Lifecycle status change: androidx.test.core.app.InstrumentationActivityInvoker$EmptyActivity@8459374 in: STOPPED
09-09 20:16:03.197 32485 32485 V ActivityScenario: Activity lifecycle changed event received but ignored because the intent does not match. startActivityIntent=Intent { act=android.intent.action.MAIN cat=[android.intent.category.LAUNCHER] cmp=com.example.dogglers/.VerticalListActivity }, activity.getIntent()=Intent { act=android.intent.action.MAIN cat=[android.intent.category.LAUNCHER] flg=0x10000000 cmp=com.example.dogglers/androidx.test.core.app.InstrumentationActivityInvoker$EmptyActivity }, activity=androidx.test.core.app.InstrumentationActivityInvoker$EmptyActivity@8459374
09-09 20:16:03.198 32485 32485 D LifecycleMonitor: Lifecycle status change: androidx.test.core.app.InstrumentationActivityInvoker$EmptyActivity@8459374 in: DESTROYED
09-09 20:16:03.198 32485 32485 V ActivityScenario: Activity lifecycle changed event received but ignored because the intent does not match. startActivityIntent=Intent { act=android.intent.action.MAIN cat=[android.intent.category.LAUNCHER] cmp=com.example.dogglers/.VerticalListActivity }, activity.getIntent()=Intent { act=android.intent.action.MAIN cat=[android.intent.category.LAUNCHER] flg=0x10000000 cmp=com.example.dogglers/androidx.test.core.app.InstrumentationActivityInvoker$EmptyActivity }, activity=androidx.test.core.app.InstrumentationActivityInvoker$EmptyActivity@8459374
09-09 20:16:03.200 32485 32485 D LifecycleMonitor: Lifecycle status change: androidx.test.core.app.InstrumentationActivityInvoker$EmptyActivity@697f45e in: PAUSED
09-09 20:16:03.200 32485 32485 V ActivityScenario: Activity lifecycle changed event received but ignored because the intent does not match. startActivityIntent=Intent { act=android.intent.action.MAIN cat=[android.intent.category.LAUNCHER] cmp=com.example.dogglers/.VerticalListActivity }, activity.getIntent()=Intent { act=android.intent.action.MAIN cat=[android.intent.category.LAUNCHER] flg=0x10000000 cmp=com.example.dogglers/androidx.test.core.app.InstrumentationActivityInvoker$EmptyActivity }, activity=androidx.test.core.app.InstrumentationActivityInvoker$EmptyActivity@697f45e
09-09 20:16:03.200   390   782 W InputReader: Device has associated, but no associated display id.
09-09 20:16:03.200   390   782 I chatty  : uid=1000(system) Binder:390_9 identical 8 lines
09-09 20:16:03.200   390   782 W InputReader: Device has associated, but no associated display id.
09-09 20:16:03.201 32485 32516 I TestRunner: finished: vertical_scroll_content_at_last_position(com.example.dogglers.VerticalListTests)
