09-09 20:16:04.746 32485 32516 I TestRunner: started: vertical_scroll_content_at_first_position(com.example.dogglers.VerticalListTests)
09-09 20:16:04.748 32485 32516 W Settings: Setting always_finish_activities has moved from android.provider.Settings.System to android.provider.Settings.Global, returning read-only value.
09-09 20:16:04.752   390  2491 W InputReader: Device has associated, but no associated display id.
09-09 20:16:04.753   390  2491 I chatty  : uid=1000(system) Binder:390_18 identical 38 lines
09-09 20:16:04.753   390  2491 W InputReader: Device has associated, but no associated display id.
09-09 20:16:04.753 32485 32485 W ActivityThread: handleWindowVisibility: no activity for token android.os.BinderProxy@6e814a7
09-09 20:16:04.754   390   413 E system_server: Invalid ID 0x00000000.
09-09 20:16:04.759 32485 32485 D LifecycleMonitor: Lifecycle status change: androidx.test.core.app.InstrumentationActivityInvoker$BootstrapActivity@745dd54 in: PRE_ON_CREATE
09-09 20:16:04.759 32485 32485 V ActivityScenario: Activity lifecycle changed event received but ignored because the intent does not match. startActivityIntent=Intent { act=android.intent.action.MAIN cat=[android.intent.category.LAUNCHER] cmp=com.example.dogglers/.VerticalListActivity }, activity.getIntent()=Intent { act=android.intent.action.MAIN cat=[android.intent.category.LAUNCHER] flg=0x10008000 cmp=com.example.dogglers/androidx.test.core.app.InstrumentationActivityInvoker$BootstrapActivity (has extras) }, activity=androidx.test.core.app.InstrumentationActivityInvoker$BootstrapActivity@745dd54
09-09 20:16:04.760   193   235 D gralloc_ranchu: gralloc_alloc: Creating ashmem region of size 8298496
09-09 20:16:04.762 32485 32485 D LifecycleMonitor: Lifecycle status change: androidx.test.core.app.InstrumentationActivityInvoker$BootstrapActivity@745dd54 in: CREATED
09-09 20:16:04.762 32485 32485 V ActivityScenario: Activity lifecycle changed event received but ignored because the intent does not match. startActivityIntent=Intent { act=android.intent.action.MAIN cat=[android.intent.category.LAUNCHER] cmp=com.example.dogglers/.VerticalListActivity }, activity.getIntent()=Intent { act=android.intent.action.MAIN cat=[android.intent.category.LAUNCHER] flg=0x10008000 cmp=com.example.dogglers/androidx.test.core.app.InstrumentationActivityInvoker$BootstrapActivity (has extras) }, activity=androidx.test.core.app.InstrumentationActivityInvoker$BootstrapActivity@745dd54
09-09 20:16:04.763 32485 32485 D LifecycleMonitor: Lifecycle status change: androidx.test.core.app.InstrumentationActivityInvoker$BootstrapActivity@745dd54 in: STARTED
09-09 20:16:04.763 32485 32485 V ActivityScenario: Activity lifecycle changed event received but ignored because the intent does not match. startActivityIntent=Intent { act=android.intent.action.MAIN cat=[android.intent.category.LAUNCHER] cmp=com.example.dogglers/.VerticalListActivity }, activity.getIntent()=Intent { act=android.intent.action.MAIN cat=[android.intent.category.LAUNCHER] flg=0x10008000 cmp=com.example.dogglers/androidx.test.core.app.InstrumentationActivityInvoker$BootstrapActivity (has extras) }, activity=androidx.test.core.app.InstrumentationActivityInvoker$BootstrapActivity@745dd54
09-09 20:16:04.770 32485 32485 D LifecycleMonitor: Lifecycle status change: androidx.test.core.app.InstrumentationActivityInvoker$BootstrapActivity@745dd54 in: RESUMED
09-09 20:16:04.770 32485 32485 V ActivityScenario: Activity lifecycle changed event received but ignored because the intent does not match. startActivityIntent=Intent { act=android.intent.action.MAIN cat=[android.intent.category.LAUNCHER] cmp=com.example.dogglers/.VerticalListActivity }, activity.getIntent()=Intent { act=android.intent.action.MAIN cat=[android.intent.category.LAUNCHER] flg=0x10008000 cmp=com.example.dogglers/androidx.test.core.app.InstrumentationActivityInvoker$BootstrapActivity (has extras) }, activity=androidx.test.core.app.InstrumentationActivityInvoker$BootstrapActivity@745dd54
09-09 20:16:04.771 32485 32485 D LifecycleMonitor: Lifecycle status change: androidx.test.core.app.InstrumentationActivityInvoker$BootstrapActivity@745dd54 in: PAUSED
09-09 20:16:04.771 32485 32485 V ActivityScenario: Activity lifecycle changed event received but ignored because the intent does not match. startActivityIntent=Intent { act=android.intent.action.MAIN cat=[android.intent.category.LAUNCHER] cmp=com.example.dogglers/.VerticalListActivity }, activity.getIntent()=Intent { act=android.intent.action.MAIN cat=[android.intent.category.LAUNCHER] flg=0x10008000 cmp=com.example.dogglers/androidx.test.core.app.InstrumentationActivityInvoker$BootstrapActivity (has extras) }, activity=androidx.test.core.app.InstrumentationActivityInvoker$BootstrapActivity@745dd54
09-09 20:16:04.771   390  2495 W InputReader: Device has associated, but no associated display id.
09-09 20:16:04.772   390  2495 I chatty  : uid=1000(system) Binder:390_1B identical 48 lines
09-09 20:16:04.772   390  2495 W InputReader: Device has associated, but no associated display id.
09-09 20:16:04.773 32485 32485 W ActivityThread: handleWindowVisibility: no activity for token android.os.BinderProxy@dd065f2
09-09 20:16:04.777   390   413 W InputReader: Device has associated, but no associated display id.
09-09 20:16:04.777   390   413 I chatty  : uid=1000(system) android.anim identical 8 lines
09-09 20:16:04.777   390   413 W InputReader: Device has associated, but no associated display id.
09-09 20:16:04.779 32485 32485 D LifecycleMonitor: Lifecycle status change: com.example.dogglers.VerticalListActivity@37aef3e in: PRE_ON_CREATE
09-09 20:16:04.779 32485 32485 V ActivityScenario: Activity lifecycle changed event received but ignored because the reported transition was not ON_CREATE while the last known transition was PRE_ON_CREATE
09-09 20:16:04.783 32485 32485 D LifecycleMonitor: Lifecycle status change: com.example.dogglers.VerticalListActivity@37aef3e in: CREATED
09-09 20:16:04.784 32485 32485 V ActivityScenario: Update currentActivityStage to CREATED, currentActivity=com.example.dogglers.VerticalListActivity@37aef3e
09-09 20:16:04.784 32485 32485 D LifecycleMonitor: Lifecycle status change: com.example.dogglers.VerticalListActivity@37aef3e in: STARTED
09-09 20:16:04.784 32485 32485 V ActivityScenario: Update currentActivityStage to STARTED, currentActivity=com.example.dogglers.VerticalListActivity@37aef3e
09-09 20:16:04.784 32485 32485 D LifecycleMonitor: Lifecycle status change: com.example.dogglers.VerticalListActivity@37aef3e in: RESUMED
09-09 20:16:04.784 32485 32485 V ActivityScenario: Update currentActivityStage to RESUMED, currentActivity=com.example.dogglers.VerticalListActivity@37aef3e
09-09 20:16:04.790  1850  2091 D EGL_emulation: eglMakeCurrent: 0x738ee490a0: ver 3 0 (tinfo 0x738ee0a0c0)
09-09 20:16:04.794  1166  1783 D EGL_emulation: eglMakeCurrent: 0x738ee4b080: ver 3 0 (tinfo 0x738eefb180)
09-09 20:16:04.797   193   235 D gralloc_ranchu: gralloc_alloc: Creating ashmem region of size 8298496
09-09 20:16:04.798   193   235 I chatty  : uid=1000(system) HwBinder:193_1 identical 1 line
09-09 20:16:04.798   193   235 D gralloc_ranchu: gralloc_alloc: Creating ashmem region of size 8298496
09-09 20:16:04.806 32485 32518 D EGL_emulation: eglMakeCurrent: 0x738a336bc0: ver 3 0 (tinfo 0x738a1976e0)
09-09 20:16:04.812   390   417 I ActivityTaskManager: Displayed com.example.dogglers/.VerticalListActivity: +61ms
09-09 20:16:04.820 32485 32485 I ViewInteraction: Checking 'MatchesViewAssertion{viewMatcher=(view has effective visibility <VISIBLE> and view.getGlobalVisibleRect() to return non-empty rectangle)}' assertion on view an instance of android.widget.TextView and view.getText() with or without transformation to match: is "Nissan"
09-09 20:16:04.821 32485 32485 I ViewInteraction: Checking 'MatchesViewAssertion{viewMatcher=(view has effective visibility <VISIBLE> and view.getGlobalVisibleRect() to return non-empty rectangle)}' assertion on view an instance of android.widget.TextView and view.getText() with or without transformation to match: is "2020"
09-09 20:16:04.821 32485 32485 D LifecycleMonitor: Lifecycle status change: androidx.test.core.app.InstrumentationActivityInvoker$BootstrapActivity@745dd54 in: STOPPED
09-09 20:16:04.821 32485 32485 V ActivityScenario: Activity lifecycle changed event received but ignored because the intent does not match. startActivityIntent=Intent { act=android.intent.action.MAIN cat=[android.intent.category.LAUNCHER] cmp=com.example.dogglers/.VerticalListActivity }, activity.getIntent()=Intent { act=android.intent.action.MAIN cat=[android.intent.category.LAUNCHER] flg=0x10008000 cmp=com.example.dogglers/androidx.test.core.app.InstrumentationActivityInvoker$BootstrapActivity (has extras) }, activity=androidx.test.core.app.InstrumentationActivityInvoker$BootstrapActivity@745dd54
09-09 20:16:04.822 32485 32485 I ViewInteraction: Checking 'MatchesViewAssertion{viewMatcher=(view has effective visibility <VISIBLE> and view.getGlobalVisibleRect() to return non-empty rectangle)}' assertion on view an instance of android.widget.TextView and view.getText() with or without transformation to match: is "Altima"
09-09 20:16:04.827  1850  1968 W SearchServiceCore: Abort, client detached.
09-09 20:16:04.831  1850 23826 I PBSessionCacheImpl: Deleted sessionId[154066668355] from persistence.
09-09 20:16:04.833 32485 32485 I ViewInteraction: Checking 'MatchesViewAssertion{viewMatcher=(view has effective visibility <VISIBLE> and view.getGlobalVisibleRect() to return non-empty rectangle)}' assertion on view has drawable resource 2131165270
09-09 20:16:04.838 32485 32485 D LifecycleMonitor: Lifecycle status change: com.example.dogglers.VerticalListActivity@37aef3e in: PAUSED
09-09 20:16:04.838 32485 32485 V ActivityScenario: Update currentActivityStage to PAUSED, currentActivity=com.example.dogglers.VerticalListActivity@37aef3e
09-09 20:16:04.839   390   629 W InputReader: Device has associated, but no associated display id.
09-09 20:16:04.840   390   629 I chatty  : uid=1000(system) Binder:390_6 identical 48 lines
09-09 20:16:04.840   390   629 W InputReader: Device has associated, but no associated display id.
09-09 20:16:04.842 32485 32485 W ActivityThread: handleWindowVisibility: no activity for token android.os.BinderProxy@cd109fe
09-09 20:16:04.845 32485 32485 D LifecycleMonitor: Lifecycle status change: androidx.test.core.app.InstrumentationActivityInvoker$EmptyActivity@e80d55f in: PRE_ON_CREATE
09-09 20:16:04.845 32485 32485 V ActivityScenario: Activity lifecycle changed event received but ignored because the intent does not match. startActivityIntent=Intent { act=android.intent.action.MAIN cat=[android.intent.category.LAUNCHER] cmp=com.example.dogglers/.VerticalListActivity }, activity.getIntent()=Intent { act=android.intent.action.MAIN cat=[android.intent.category.LAUNCHER] flg=0x10000000 cmp=com.example.dogglers/androidx.test.core.app.InstrumentationActivityInvoker$EmptyActivity }, activity=androidx.test.core.app.InstrumentationActivityInvoker$EmptyActivity@e80d55f
09-09 20:16:04.847 32485 32485 D LifecycleMonitor: Lifecycle status change: androidx.test.core.app.InstrumentationActivityInvoker$EmptyActivity@e80d55f in: CREATED
09-09 20:16:04.847 32485 32485 V ActivityScenario: Activity lifecycle changed event received but ignored because the intent does not match. startActivityIntent=Intent { act=android.intent.action.MAIN cat=[android.intent.category.LAUNCHER] cmp=com.example.dogglers/.VerticalListActivity }, activity.getIntent()=Intent { act=android.intent.action.MAIN cat=[android.intent.category.LAUNCHER] flg=0x10000000 cmp=com.example.dogglers/androidx.test.core.app.InstrumentationActivityInvoker$EmptyActivity }, activity=androidx.test.core.app.InstrumentationActivityInvoker$EmptyActivity@e80d55f
09-09 20:16:04.847 32485 32485 D LifecycleMonitor: Lifecycle status change: androidx.test.core.app.InstrumentationActivityInvoker$EmptyActivity@e80d55f in: STARTED
09-09 20:16:04.847 32485 32485 V ActivityScenario: Activity lifecycle changed event received but ignored because the intent does not match. startActivityIntent=Intent { act=android.intent.action.MAIN cat=[android.intent.category.LAUNCHER] cmp=com.example.dogglers/.VerticalListActivity }, activity.getIntent()=Intent { act=android.intent.action.MAIN cat=[android.intent.category.LAUNCHER] flg=0x10000000 cmp=com.example.dogglers/androidx.test.core.app.InstrumentationActivityInvoker$EmptyActivity }, activity=androidx.test.core.app.InstrumentationActivityInvoker$EmptyActivity@e80d55f
09-09 20:16:04.848 32485 32485 D LifecycleMonitor: Lifecycle status change: androidx.test.core.app.InstrumentationActivityInvoker$EmptyActivity@e80d55f in: RESUMED
09-09 20:16:04.848 32485 32485 V ActivityScenario: Activity lifecycle changed event received but ignored because the intent does not match. startActivityIntent=Intent { act=android.intent.action.MAIN cat=[android.intent.category.LAUNCHER] cmp=com.example.dogglers/.VerticalListActivity }, activity.getIntent()=Intent { act=android.intent.action.MAIN cat=[android.intent.category.LAUNCHER] flg=0x10000000 cmp=com.example.dogglers/androidx.test.core.app.InstrumentationActivityInvoker$EmptyActivity }, activity=androidx.test.core.app.InstrumentationActivityInvoker$EmptyActivity@e80d55f
09-09 20:16:04.863   193   235 D gralloc_ranchu: gralloc_alloc: Creating ashmem region of size 8298496
09-09 20:16:04.864   193   235 I chatty  : uid=1000(system) HwBinder:193_1 identical 1 line
09-09 20:16:04.864   193   235 D gralloc_ranchu: gralloc_alloc: Creating ashmem region of size 8298496
09-09 20:16:04.864 32485 32518 D EGL_emulation: eglMakeCurrent: 0x738a336bc0: ver 3 0 (tinfo 0x738a1976e0)
09-09 20:16:04.868 32485 32518 D EGL_emulation: eglMakeCurrent: 0x738a336bc0: ver 3 0 (tinfo 0x738a1976e0)
09-09 20:16:04.869   390   413 W InputReader: Device has associated, but no associated display id.
09-09 20:16:04.869   390   413 I chatty  : uid=1000(system) android.anim identical 18 lines
09-09 20:16:04.869   390   413 W InputReader: Device has associated, but no associated display id.
09-09 20:16:04.874 32485 32518 D EGL_emulation: eglMakeCurrent: 0x738a336bc0: ver 3 0 (tinfo 0x738a1976e0)
09-09 20:16:04.878 32485 32518 D EGL_emulation: eglMakeCurrent: 0x738a336bc0: ver 3 0 (tinfo 0x738a1976e0)
09-09 20:16:04.879 32485 32485 D LifecycleMonitor: Lifecycle status change: androidx.test.core.app.InstrumentationActivityInvoker$BootstrapActivity@745dd54 in: DESTROYED
09-09 20:16:04.879 32485 32485 V ActivityScenario: Activity lifecycle changed event received but ignored because the intent does not match. startActivityIntent=Intent { act=android.intent.action.MAIN cat=[android.intent.category.LAUNCHER] cmp=com.example.dogglers/.VerticalListActivity }, activity.getIntent()=Intent { act=android.intent.action.MAIN cat=[android.intent.category.LAUNCHER] flg=0x10008000 cmp=com.example.dogglers/androidx.test.core.app.InstrumentationActivityInvoker$BootstrapActivity (has extras) }, activity=androidx.test.core.app.InstrumentationActivityInvoker$BootstrapActivity@745dd54
09-09 20:16:04.879 32485 32485 D LifecycleMonitor: Lifecycle status change: androidx.test.core.app.InstrumentationActivityInvoker$EmptyActivity@e80d55f in: PAUSED
09-09 20:16:04.879 32485 32485 V ActivityScenario: Activity lifecycle changed event received but ignored because the intent does not match. startActivityIntent=Intent { act=android.intent.action.MAIN cat=[android.intent.category.LAUNCHER] cmp=com.example.dogglers/.VerticalListActivity }, activity.getIntent()=Intent { act=android.intent.action.MAIN cat=[android.intent.category.LAUNCHER] flg=0x10000000 cmp=com.example.dogglers/androidx.test.core.app.InstrumentationActivityInvoker$EmptyActivity }, activity=androidx.test.core.app.InstrumentationActivityInvoker$EmptyActivity@e80d55f
09-09 20:16:04.880   390   629 W InputReader: Device has associated, but no associated display id.
09-09 20:16:04.880   390   629 I chatty  : uid=1000(system) Binder:390_6 identical 48 lines
09-09 20:16:04.880   390   629 W InputReader: Device has associated, but no associated display id.
09-09 20:16:04.881 32485 32485 W ActivityThread: handleWindowVisibility: no activity for token android.os.BinderProxy@41f2698
09-09 20:16:04.882 32485 32485 D LifecycleMonitor: Lifecycle status change: androidx.test.core.app.InstrumentationActivityInvoker$EmptyActivity@95eef1 in: PRE_ON_CREATE
09-09 20:16:04.883 32485 32485 V ActivityScenario: Activity lifecycle changed event received but ignored because the intent does not match. startActivityIntent=Intent { act=android.intent.action.MAIN cat=[android.intent.category.LAUNCHER] cmp=com.example.dogglers/.VerticalListActivity }, activity.getIntent()=Intent { act=android.intent.action.MAIN cat=[android.intent.category.LAUNCHER] flg=0x10000000 cmp=com.example.dogglers/androidx.test.core.app.InstrumentationActivityInvoker$EmptyActivity }, activity=androidx.test.core.app.InstrumentationActivityInvoker$EmptyActivity@95eef1
09-09 20:16:04.885 32485 32485 D LifecycleMonitor: Lifecycle status change: androidx.test.core.app.InstrumentationActivityInvoker$EmptyActivity@95eef1 in: CREATED
09-09 20:16:04.885 32485 32485 V ActivityScenario: Activity lifecycle changed event received but ignored because the intent does not match. startActivityIntent=Intent { act=android.intent.action.MAIN cat=[android.intent.category.LAUNCHER] cmp=com.example.dogglers/.VerticalListActivity }, activity.getIntent()=Intent { act=android.intent.action.MAIN cat=[android.intent.category.LAUNCHER] flg=0x10000000 cmp=com.example.dogglers/androidx.test.core.app.InstrumentationActivityInvoker$EmptyActivity }, activity=androidx.test.core.app.InstrumentationActivityInvoker$EmptyActivity@95eef1
09-09 20:16:04.885 32485 32485 D LifecycleMonitor: Lifecycle status change: androidx.test.core.app.InstrumentationActivityInvoker$EmptyActivity@95eef1 in: STARTED
09-09 20:16:04.885 32485 32485 V ActivityScenario: Activity lifecycle changed event received but ignored because the intent does not match. startActivityIntent=Intent { act=android.intent.action.MAIN cat=[android.intent.category.LAUNCHER] cmp=com.example.dogglers/.VerticalListActivity }, activity.getIntent()=Intent { act=android.intent.action.MAIN cat=[android.intent.category.LAUNCHER] flg=0x10000000 cmp=com.example.dogglers/androidx.test.core.app.InstrumentationActivityInvoker$EmptyActivity }, activity=androidx.test.core.app.InstrumentationActivityInvoker$EmptyActivity@95eef1
09-09 20:16:04.886 32485 32485 D LifecycleMonitor: Lifecycle status change: androidx.test.core.app.InstrumentationActivityInvoker$EmptyActivity@95eef1 in: RESUMED
09-09 20:16:04.886 32485 32485 V ActivityScenario: Activity lifecycle changed event received but ignored because the intent does not match. startActivityIntent=Intent { act=android.intent.action.MAIN cat=[android.intent.category.LAUNCHER] cmp=com.example.dogglers/.VerticalListActivity }, activity.getIntent()=Intent { act=android.intent.action.MAIN cat=[android.intent.category.LAUNCHER] flg=0x10000000 cmp=com.example.dogglers/androidx.test.core.app.InstrumentationActivityInvoker$EmptyActivity }, activity=androidx.test.core.app.InstrumentationActivityInvoker$EmptyActivity@95eef1
09-09 20:16:04.888 32485 32485 D LifecycleMonitor: Lifecycle status change: com.example.dogglers.VerticalListActivity@37aef3e in: STOPPED
09-09 20:16:04.888 32485 32485 V ActivityScenario: Update currentActivityStage to STOPPED, currentActivity=com.example.dogglers.VerticalListActivity@37aef3e
09-09 20:16:04.888 32485 32485 D LifecycleMonitor: Lifecycle status change: com.example.dogglers.VerticalListActivity@37aef3e in: DESTROYED
09-09 20:16:04.888 32485 32485 V ActivityScenario: Update currentActivityStage to DESTROYED, currentActivity=null
09-09 20:16:04.895   193   235 D gralloc_ranchu: gralloc_alloc: Creating ashmem region of size 8298496
09-09 20:16:04.897   193   235 I chatty  : uid=1000(system) HwBinder:193_1 identical 1 line
09-09 20:16:04.897   193   235 D gralloc_ranchu: gralloc_alloc: Creating ashmem region of size 8298496
09-09 20:16:04.897 32485 32518 D EGL_emulation: eglMakeCurrent: 0x738a336bc0: ver 3 0 (tinfo 0x738a1976e0)
09-09 20:16:04.901   390   413 W InputReader: Device has associated, but no associated display id.
09-09 20:16:04.901   390   413 I chatty  : uid=1000(system) android.anim identical 28 lines
09-09 20:16:04.901   390   413 W InputReader: Device has associated, but no associated display id.
09-09 20:16:04.911   390  2495 W InputReader: Device has associated, but no associated display id.
09-09 20:16:04.911   390  2495 I chatty  : uid=1000(system) Binder:390_1B identical 8 lines
09-09 20:16:04.911   390  2495 W InputReader: Device has associated, but no associated display id.
09-09 20:16:04.914 32485 32485 D LifecycleMonitor: Lifecycle status change: androidx.test.core.app.InstrumentationActivityInvoker$EmptyActivity@e80d55f in: STOPPED
09-09 20:16:04.914 32485 32485 V ActivityScenario: Activity lifecycle changed event received but ignored because the intent does not match. startActivityIntent=Intent { act=android.intent.action.MAIN cat=[android.intent.category.LAUNCHER] cmp=com.example.dogglers/.VerticalListActivity }, activity.getIntent()=Intent { act=android.intent.action.MAIN cat=[android.intent.category.LAUNCHER] flg=0x10000000 cmp=com.example.dogglers/androidx.test.core.app.InstrumentationActivityInvoker$EmptyActivity }, activity=androidx.test.core.app.InstrumentationActivityInvoker$EmptyActivity@e80d55f
09-09 20:16:04.914 32485 32485 D LifecycleMonitor: Lifecycle status change: androidx.test.core.app.InstrumentationActivityInvoker$EmptyActivity@e80d55f in: DESTROYED
09-09 20:16:04.914 32485 32485 V ActivityScenario: Activity lifecycle changed event received but ignored because the intent does not match. startActivityIntent=Intent { act=android.intent.action.MAIN cat=[android.intent.category.LAUNCHER] cmp=com.example.dogglers/.VerticalListActivity }, activity.getIntent()=Intent { act=android.intent.action.MAIN cat=[android.intent.category.LAUNCHER] flg=0x10000000 cmp=com.example.dogglers/androidx.test.core.app.InstrumentationActivityInvoker$EmptyActivity }, activity=androidx.test.core.app.InstrumentationActivityInvoker$EmptyActivity@e80d55f
09-09 20:16:04.916 32485 32485 D LifecycleMonitor: Lifecycle status change: androidx.test.core.app.InstrumentationActivityInvoker$EmptyActivity@95eef1 in: PAUSED
09-09 20:16:04.916 32485 32485 V ActivityScenario: Activity lifecycle changed event received but ignored because the intent does not match. startActivityIntent=Intent { act=android.intent.action.MAIN cat=[android.intent.category.LAUNCHER] cmp=com.example.dogglers/.VerticalListActivity }, activity.getIntent()=Intent { act=android.intent.action.MAIN cat=[android.intent.category.LAUNCHER] flg=0x10000000 cmp=com.example.dogglers/androidx.test.core.app.InstrumentationActivityInvoker$EmptyActivity }, activity=androidx.test.core.app.InstrumentationActivityInvoker$EmptyActivity@95eef1
09-09 20:16:04.917   390   782 W InputReader: Device has associated, but no associated display id.
09-09 20:16:04.917   390   782 I chatty  : uid=1000(system) Binder:390_9 identical 8 lines
09-09 20:16:04.917   390   782 W InputReader: Device has associated, but no associated display id.
09-09 20:16:04.918 32485 32516 I TestRunner: finished: vertical_scroll_content_at_first_position(com.example.dogglers.VerticalListTests)
